// Jest Snapshot v1, https://goo.gl/fbAQLP

exports[`JenkinsCollectorsService should fetch jenkinsMetrics 1`] = `
Array [
  Object {
    "buildName": "jenkins job",
    "buildNumber": "50",
    "causedBy": "someone",
    "createdAt": 2018-12-06T00:00:00.000Z,
    "dataType": "CI",
    "durationInSeconds": 2,
    "id": "865c10c72ac77e83ebdf3fd678a2ccc663c2e6ff613bd3aae3e9b908b0d4009a47acfda8d0f10b43cd79277b02b5cc20129c86ffcf62eac25949f272f94f02ab",
    "jenkinsUrl": "someUrl",
    "projectName": "projectName",
    "result": "SUCCESS",
    "revision": "someVersion",
    "revisionDescription": "some description",
    "teamName": "someTeamName",
  },
]
`;
